------------------------------------------------------------
Timing Analyzer Summary
------------------------------------------------------------

Type  : Slow 1200mV 85C Model Setup 'iCLK'
Slack : -5.574
TNS   : -144.126

Type  : Slow 1200mV 85C Model Hold 'iCLK'
Slack : 0.360
TNS   : 0.000

Type  : Slow 1200mV 85C Model Recovery 'iCLK'
Slack : 17.682
TNS   : 0.000

Type  : Slow 1200mV 85C Model Removal 'iCLK'
Slack : 1.726
TNS   : 0.000

Type  : Slow 1200mV 85C Model Minimum Pulse Width 'iCLK'
Slack : 9.622
TNS   : 0.000

Type  : Slow 1200mV 0C Model Setup 'iCLK'
Slack : -3.602
TNS   : -84.953

Type  : Slow 1200mV 0C Model Hold 'iCLK'
Slack : 0.339
TNS   : 0.000

Type  : Slow 1200mV 0C Model Recovery 'iCLK'
Slack : 17.877
TNS   : 0.000

Type  : Slow 1200mV 0C Model Removal 'iCLK'
Slack : 1.558
TNS   : 0.000

Type  : Slow 1200mV 0C Model Minimum Pulse Width 'iCLK'
Slack : 9.644
TNS   : 0.000

Type  : Fast 1200mV 0C Model Setup 'iCLK'
Slack : 3.713
TNS   : 0.000

Type  : Fast 1200mV 0C Model Hold 'iCLK'
Slack : 0.152
TNS   : 0.000

Type  : Fast 1200mV 0C Model Recovery 'iCLK'
Slack : 18.842
TNS   : 0.000

Type  : Fast 1200mV 0C Model Removal 'iCLK'
Slack : 0.830
TNS   : 0.000

Type  : Fast 1200mV 0C Model Minimum Pulse Width 'iCLK'
Slack : 9.366
TNS   : 0.000

------------------------------------------------------------
